
[1m[46m RUN [49m[22m [36mv4.0.18 [39m[90mD:/01_Projects/cic-erp-contract[39m

 [31mΓ¥»[39m tests/components/tasks/task-detail/TaskCommentsTab.test.tsx [2m([22m[2m0 test[22m[2m)[22m
 [32mΓ£ô[39m tests/components/tasks/task-detail/TaskTimeTab.test.tsx [2m([22m[2m2 tests[22m[2m)[22m[32m 54[2mms[22m[39m
 [31mΓ¥»[39m tests/components/tasks/task-detail/TaskLinksTab.test.tsx [2m([22m[2m3 tests[22m[2m | [22m[31m1 failed[39m[2m)[22m[32m 98[2mms[22m[39m
     [32mΓ£ô[39m renders no links placeholder correctly when empty[32m 49[2mms[22m[39m
[31m     [31m├ù[31m renders links if provided[39m[32m 24[2mms[22m[39m
     [32mΓ£ô[39m allows opening the add link form[32m 21[2mms[22m[39m

[2m Test Files [22m [1m[31m2 failed[39m[22m[2m | [22m[1m[32m1 passed[39m[22m[90m (3)[39m
[2m      Tests [22m [1m[31m1 failed[39m[22m[2m | [22m[1m[32m4 passed[39m[22m[90m (5)[39m
[2m   Start at [22m 23:33:25
[2m   Duration [22m 4.30s[2m (transform 1.64s, setup 1.16s, import 2.50s, tests 152ms, environment 3.93s)[22m

